+ set -euo pipefail
+ cd /home/user/luckstock
+ LAUNCHER_PID_FILE=data/market-sync-autostart-launcher.pid
+ LAUNCHER_HEARTBEAT_FILE=data/market-sync-autostart-launcher.heartbeat
+ LAUNCHER_LOG_FILE=data/market-sync-autostart-launcher.log
+ CHILD_PID_FILE=data/market-sync-autostart.pid
+ CHILD_HEARTBEAT_FILE=data/market-sync-autostart.heartbeat
+ LOCK_DIR=/tmp/luckystock-market-sync-autostart-launcher.lock
+ AUTOSTART_SCRIPT=/home/user/luckstock/scripts/market-sync-autostart.sh
+ MAX_LOG_BYTES=1048576
+ HEARTBEAT_INTERVAL_SECONDS=15
+ STALE_CHILD_HEARTBEAT_SECONDS=180
+ CHILD_HEARTBEAT_GRACE_SECONDS=90
+ RESTART_DELAY_SECONDS=5
+ trap cleanup EXIT INT TERM
+ rotate_log
+ '[' -f data/market-sync-autostart-launcher.log ']'
++ wc -c
+ '[' 1232 -gt 1048576 ']'
+ acquire_lock
+ mkdir /tmp/luckystock-market-sync-autostart-launcher.lock
+ echo 20074
+ return
+ echo 20074
+ write_heartbeat
+ date -u +%Y-%m-%dT%H:%M:%SZ
+ log 'started pid=20074'
++ date -u +%Y-%m-%dT%H:%M:%SZ
+ echo '[2026-03-30T05:50:09Z] [autostart-launcher] started pid=20074'
+ true
+ rotate_log
+ '[' -f data/market-sync-autostart-launcher.log ']'
++ wc -c
+ '[' 1294 -gt 1048576 ']'
+ write_heartbeat
+ date -u +%Y-%m-%dT%H:%M:%SZ
++ date +%s
+ local_start=1774849809
+ rm -f data/market-sync-autostart.heartbeat
+ CHILD_PID=20085
+ log 'child started pid=20085'
+ setsid bash /home/user/luckstock/scripts/market-sync-autostart.sh
++ date -u +%Y-%m-%dT%H:%M:%SZ
